---
source: crates/ruff_python_parser/src/lexer.rs
expression: "lex_source(r#\"o>1\"#)"
snapshot_kind: text
---
## Tokens
```
[
    (
        Name(
            Name("o"),
        ),
        0..1,
    ),
    (
        Greater,
        1..2,
    ),
    (
        Int(
            1,
        ),
        2..3,
    ),
    (
        Newline,
        3..3,
    ),
]
```
