---
source: crates/ruff_python_parser/src/string.rs
expression: suite
snapshot_kind: text
---
[
    Expr(
        StmtExpr {
            node_index: AtomicNodeIndex(..),
            range: 0..18,
            value: FString(
                ExprFString {
                    node_index: AtomicNodeIndex(..),
                    range: 0..18,
                    value: FStringValue {
                        inner: Single(
                            FString(
                                FString {
                                    range: 0..18,
                                    node_index: AtomicNodeIndex(..),
                                    elements: [
                                        Expression(
                                            FStringExpressionElement {
                                                range: 2..5,
                                                node_index: AtomicNodeIndex(..),
                                                expression: Name(
                                                    ExprName {
                                                        node_index: AtomicNodeIndex(..),
                                                        range: 3..4,
                                                        id: Name("a"),
                                                        ctx: Load,
                                                    },
                                                ),
                                                debug_text: None,
                                                conversion: None,
                                                format_spec: None,
                                            },
                                        ),
                                        Expression(
                                            FStringExpressionElement {
                                                range: 5..10,
                                                node_index: AtomicNodeIndex(..),
                                                expression: Name(
                                                    ExprName {
                                                        node_index: AtomicNodeIndex(..),
                                                        range: 7..8,
                                                        id: Name("b"),
                                                        ctx: Load,
                                                    },
                                                ),
                                                debug_text: None,
                                                conversion: None,
                                                format_spec: None,
                                            },
                                        ),
                                        Literal(
                                            FStringLiteralElement {
                                                range: 10..17,
                                                node_index: AtomicNodeIndex(..),
                                                value: "{foo}",
                                            },
                                        ),
                                    ],
                                    flags: FStringFlags {
                                        quote_style: Double,
                                        prefix: Regular,
                                        triple_quoted: false,
                                    },
                                },
                            ),
                        ),
                    },
                },
            ),
        },
    ),
]
