---
source: crates/ruff_python_parser/src/lexer.rs
expression: "lex_source(r#\"print(r\"/foo\")\"#)"
snapshot_kind: text
---
## Tokens
```
[
    (
        Name(
            Name("print"),
        ),
        0..5,
    ),
    (
        Lpar,
        5..6,
    ),
    (
        String(
            "/foo",
        ),
        6..13,
        TokenFlags(
            DOUBLE_QUOTES | RAW_STRING_LOWERCASE,
        ),
    ),
    (
        Rpar,
        13..14,
    ),
    (
        Newline,
        14..14,
    ),
]
```
