---
source: crates/ruff_python_parser/src/lexer.rs
expression: "lex_source(r#\"\n!(command arg)\n$(command arg)\n![foo-and second]\n$[foo-and second] && $[foo-and three]\n\"#)"
snapshot_kind: text
---
## Tokens
```
[
    (
        NonLogicalNewline,
        0..1,
    ),
    (
        BangLParen,
        1..2,
    ),
    (
        Lpar,
        2..3,
    ),
    (
        Name(
            Name("command"),
        ),
        3..10,
    ),
    (
        Name(
            Name("arg"),
        ),
        11..14,
    ),
    (
        Rpar,
        14..15,
    ),
    (
        Newline,
        15..16,
    ),
    (
        DollarLParen,
        16..17,
    ),
    (
        Lpar,
        17..18,
    ),
    (
        Name(
            Name("command"),
        ),
        18..25,
    ),
    (
        Name(
            Name("arg"),
        ),
        26..29,
    ),
    (
        Rpar,
        29..30,
    ),
    (
        Newline,
        30..31,
    ),
    (
        BangLSqb,
        31..32,
    ),
    (
        Lpar,
        32..33,
    ),
    (
        Name(
            Name("foo"),
        ),
        33..36,
    ),
    (
        Minus,
        36..37,
    ),
    (
        And,
        37..40,
    ),
    (
        Name(
            Name("second"),
        ),
        41..47,
    ),
    (
        Rpar,
        47..48,
    ),
    (
        Newline,
        48..49,
    ),
    (
        DollarLSqb,
        49..50,
    ),
    (
        Lpar,
        50..51,
    ),
    (
        Name(
            Name("foo"),
        ),
        51..54,
    ),
    (
        Minus,
        54..55,
    ),
    (
        And,
        55..58,
    ),
    (
        Name(
            Name("second"),
        ),
        59..65,
    ),
    (
        Rpar,
        65..66,
    ),
    (
        DoubleAmp,
        67..69,
    ),
    (
        DollarLSqb,
        70..71,
    ),
    (
        Lpar,
        71..72,
    ),
    (
        Name(
            Name("foo"),
        ),
        72..75,
    ),
    (
        Minus,
        75..76,
    ),
    (
        And,
        76..79,
    ),
    (
        Name(
            Name("three"),
        ),
        80..85,
    ),
    (
        Rpar,
        85..86,
    ),
    (
        Newline,
        86..87,
    ),
]
```
